[Licensing::Module] Trying to connect to existing licensing client channel...
Built from '6000.3/staging' branch; Version is '6000.3.8f1 (1c7db571dde0) revision 1867189'; Using compiler version '194234433'; Build Type 'Release'
OS: 'Windows 10  (10.0.19045) 64bit Professional' Language: 'en' Physical Memory: 32677 MB
BatchMode: 1, IsHumanControllingUs: 0, StartBugReporterOnCrash: 0, Is64bit: 1
System  architecture: x64
Process architecture: x64
Date: 2026-08-27T08:53:59Z
[Licensing::IpcConnector] Successfully connected to: "LicenseClient-Srdjan" at "2026-08-27T08:53:59.4792189Z"

COMMAND LINE ARGUMENTS:
D:\Unity\6000.3.8f1\Editor\Unity.exe
-batchmode
-quit
-projectPath
D:\AssetStore_PhotoMode\AssetStore_PhotoMode
-executeMethod
PhotoModePro.ReleaseTools.PhotoModePackageExporter.Export
-logFile
Logs/gz3_export.log
Successfully changed project path to: D:\AssetStore_PhotoMode\AssetStore_PhotoMode
D:/AssetStore_PhotoMode/AssetStore_PhotoMode
[UnityMemory] Configuration Parameters - Can be set up in boot.config
    "memorysetup-temp-allocator-size-nav-mesh-worker=65536"
    "memorysetup-temp-allocator-size-audio-worker=65536"
    "memorysetup-temp-allocator-size-gfx=262144"
    "memorysetup-allocator-temp-initial-block-size-main=262144"
    "memorysetup-allocator-temp-initial-block-size-worker=262144"
    "memorysetup-temp-allocator-size-background-worker=32768"
    "memorysetup-temp-allocator-size-job-worker=262144"
    "memorysetup-temp-allocator-size-preload-manager=33554432"
    "memorysetup-temp-allocator-size-gi-baking-worker=262144"
    "memorysetup-temp-allocator-size-gi-baking-worker=262144"
    "memorysetup-temp-allocator-size-gi-baking-worker=262144"
    "memorysetup-temp-allocator-size-gi-baking-worker=262144"
    "memorysetup-temp-allocator-size-gi-baking-worker=262144"
    "memorysetup-bucket-allocator-granularity=16"
    "memorysetup-bucket-allocator-bucket-count=8"
    "memorysetup-bucket-allocator-block-size=33554432"
    "memorysetup-bucket-allocator-block-count=8"
    "memorysetup-main-allocator-block-size=16777216"
    "memorysetup-thread-allocator-block-size=16777216"
    "memorysetup-gfx-main-allocator-block-size=16777216"
    "memorysetup-gfx-thread-allocator-block-size=16777216"
    "memorysetup-cache-allocator-block-size=4194304"
    "memorysetup-typetree-allocator-block-size=2097152"
    "memorysetup-profiler-bucket-allocator-granularity=16"
    "memorysetup-profiler-bucket-allocator-bucket-count=8"
    "memorysetup-profiler-bucket-allocator-block-size=33554432"
    "memorysetup-profiler-bucket-allocator-block-count=8"
    "memorysetup-profiler-allocator-block-size=16777216"
    "memorysetup-profiler-editor-allocator-block-size=1048576"
    "memorysetup-temp-allocator-size-main=16777216"
    "memorysetup-job-temp-allocator-block-size=2097152"
    "memorysetup-job-temp-allocator-block-size-background=1048576"
    "memorysetup-job-temp-allocator-reduction-small-platforms=262144"
    "memorysetup-temp-allocator-size-cloud-worker=32768"
Player connection [14168]  Target information:

Player connection [14168]  * "[IP] 192.168.1.11 [Port] 55505 [Flags] 2 [Guid] 2528871831 [EditorId] 2528871831 [Version] 1048832 [Id] WindowsEditor(7,DESKTOP-BL0VTVT) [Debug] 1 [PackageName] WindowsEditor [ProjectName] Editor" 

Player connection [14168]  * "[IP] 172.18.208.1 [Port] 55505 [Flags] 2 [Guid] 2528871831 [EditorId] 2528871831 [Version] 1048832 [Id] WindowsEditor(7,DESKTOP-BL0VTVT) [Debug] 1 [PackageName] WindowsEditor [ProjectName] Editor" 

Player connection [14168]  * "[IP] 25.56.4.190 [Port] 55505 [Flags] 2 [Guid] 2528871831 [EditorId] 2528871831 [Version] 1048832 [Id] WindowsEditor(7,DESKTOP-BL0VTVT) [Debug] 1 [PackageName] WindowsEditor [ProjectName] Editor" 

Player connection [14168]  * "[IP] 172.23.67.35 [Port] 55505 [Flags] 2 [Guid] 2528871831 [EditorId] 2528871831 [Version] 1048832 [Id] WindowsEditor(7,DESKTOP-BL0VTVT) [Debug] 1 [PackageName] WindowsEditor [ProjectName] Editor" 

Player connection [14168]  * "[IP] 172.25.0.1 [Port] 55505 [Flags] 2 [Guid] 2528871831 [EditorId] 2528871831 [Version] 1048832 [Id] WindowsEditor(7,DESKTOP-BL0VTVT) [Debug] 1 [PackageName] WindowsEditor [ProjectName] Editor" 

Player connection [14168] Host joined multi-casting on [225.0.0.222:54997]...
Player connection [14168] Host joined alternative multi-casting on [225.0.0.222:34997]...
Input System module state changed to: Initialized.
[Physics::Module] Initialized fallback backend.
[Physics::Module] Id: 0xdecafbad
[Package Manager] Connected to IPC stream "Upm-27112" after 0.3 seconds.
[Licensing::Module] Licensing is not yet initialized.
[Licensing::Client] Handshaking with LicensingClient:
  Version:                 1.17.4+4293ba1
  Session Id:              0483d6d5f4884663837048e004a31904
  Correlation Id:          9b5c2c5b57f4c85b49981e9ce94e77c3
  External correlation Id: 7998344265764759490
  Machine Id:              rVgUO/fi1kYswiSz7cd7gjjHNdI=
[Licensing::Module] Successfully connected to LicensingClient on channel: "LicenseClient-Srdjan" (connect: 0.00s, validation: 0.00s, handshake: 0.78s)
[Licensing::IpcConnector] Successfully connected to: "LicenseClient-Srdjan-notifications" at "2026-08-27T08:54:00.2620945Z"
[Licensing::Module] Error: Access token is unavailable; failed to update
[Licensing::Client] Successfully resolved entitlement details
[Licensing::Module] License group:
  Id: SB-P2AC-WGWW-XWG9-3D9Q-XXXX
  Product: Unity Pro
  Type: ULF
  Expiration: 2027-03-07T00:00:00Z
[Licensing::Client] Successfully updated license, isAsync: True, time: 0.00
[Licensing::Client] Successfully resolved entitlement details
[Licensing::Module] Licensing Background thread has ended after 0.79s
[Licensing::Module] Licensing is initialized (took 0.32s).
[Licensing::Client] Successfully resolved entitlement details
Library Redirect Path: Library/
[Physics::Module] Selected backend.
[Physics::Module] Name: PhysX
[Physics::Module] Id: 0xf2b8ea05
[Physics::Module] SDK Version: 4.1.2
[Physics::Module] Integration Version: 1.0.0
[Physics::Module] Threading Mode: Multi-Threaded
Refreshing native plugins compatible for Editor in 0.73 ms, found 0 plugins.
Preloading 0 native plugins for Editor in 0.00 ms.
Initialize engine version: 6000.3.8f1 (1c7db571dde0)
[Subsystems] Discovering subsystems at path D:/Unity/6000.3.8f1/Editor/Data/Resources/UnitySubsystems
[Subsystems] Discovering subsystems at path D:/AssetStore_PhotoMode/AssetStore_PhotoMode/Assets
GfxDevice: creating device client; kGfxThreadingModeNonThreaded
Direct3D:
    Version:  Direct3D 11.0 [level 11.1]
    Renderer: NVIDIA GeForce RTX 2060 SUPER (ID=0x1f06)
    Vendor:   NVIDIA
    VRAM:     8006 MB
    Driver:   32.0.15.7196
Initialize mono
Mono path[0] = 'D:/Unity/6000.3.8f1/Editor/Data/Managed'
Mono path[1] = 'D:/Unity/6000.3.8f1/Editor/Data/MonoBleedingEdge/lib/mono/unityjit-win32'
Mono config path = 'D:/Unity/6000.3.8f1/Editor/Data/MonoBleedingEdge/etc'
Using monoOptions --debugger-agent=transport=dt_socket,embedding=1,server=y,suspend=n,address=127.0.0.1:56112
Using cacheserver namespaces - metadata:defaultmetadata, artifacts:defaultartifacts
Using cacheserver namespaces - metadata:defaultmetadata, artifacts:defaultartifacts
ImportWorker Server TCP listen port: 0
AcceleratorClientConnectionCallback - disconnected - :0
Begin MonoManager ReloadAssembly
Registering precompiled unity dll's ...
Register platform support module: D:/Unity/6000.3.8f1/Editor/Data/PlaybackEngines/WebGLSupport/UnityEditor.WebGL.Extensions.dll
Register platform support module: D:/Unity/6000.3.8f1/Editor/Data/PlaybackEngines/MacStandaloneSupport/UnityEditor.OSXStandalone.Extensions.dll
Register platform support module: D:/Unity/6000.3.8f1/Editor/Data/PlaybackEngines/WindowsStandaloneSupport/UnityEditor.WindowsStandalone.Extensions.dll
[Licensing::Client] Successfully resolved entitlement details
Register platform support module: D:/Unity/6000.3.8f1/Editor/Data/PlaybackEngines/MetroSupport/UnityEditor.UWP.Extensions.dll
[Licensing::Client] Successfully resolved entitlement details
Register platform support module: D:/Unity/6000.3.8f1/Editor/Data/PlaybackEngines/AndroidPlayer/UnityEditor.Android.Extensions.dll
Register platform support module: D:/Unity/6000.3.8f1/Editor/Data/PlaybackEngines/LinuxStandaloneSupport/UnityEditor.LinuxStandalone.Extensions.dll
Registered in 0.010748 seconds.
- Loaded All Assemblies, in  0.523 seconds
Native extension for LinuxStandalone target not found
Native extension for Android target not found
Android Extension - Scanning For ADB Devices 2215 ms
Native extension for UWP target not found
Native extension for WindowsStandalone target not found
Native extension for OSXStandalone target not found
Native extension for WebGL target not found
Package Manager log level set to [2]
[Licensing::Client] Successfully resolved entitlement details
ScheduleIndexationOnStartup MainProcess:False IndexOnStartup:True
Mono: successfully reloaded assembly
- Finished resetting the current domain, in  5.544 seconds
Domain Reload Profiling: 6060ms
	BeginReloadAssembly (176ms)
		ExecutionOrderSort (0ms)
		DisableScriptedObjects (0ms)
		BackupInstance (0ms)
		ReleaseScriptingObjects (0ms)
		CreateAndSetChildDomain (18ms)
	RebuildCommonClasses (43ms)
	RebuildNativeTypeToScriptingClass (15ms)
	initialDomainReloadingComplete (65ms)
	LoadAllAssembliesAndSetupDomain (218ms)
		LoadAssemblies (153ms)
		RebuildTransferFunctionScriptingTraits (0ms)
		AnalyzeDomain (213ms)
			TypeCache.Refresh (211ms)
				TypeCache.ScanAssembly (195ms)
			BuildScriptInfoCaches (0ms)
			ResolveRequiredComponents (1ms)
	FinalizeReload (5544ms)
		ReleaseScriptCaches (0ms)
		RebuildScriptCaches (0ms)
		SetupLoadedEditorAssemblies (5504ms)
			LogAssemblyErrors (0ms)
			InitializePlatformSupportModulesInManaged (2373ms)
			SetLoadedEditorAssemblies (5ms)
			BeforeProcessingInitializeOnLoad (98ms)
			ProcessInitializeOnLoadAttributes (148ms)
			ProcessInitializeOnLoadMethodAttributes (2880ms)
			AfterProcessingInitializeOnLoad (0ms)
			EditorAssembliesLoaded (0ms)
		ExecutionOrderSort2 (0ms)
		AwakeInstancesAfterBackupRestoration (0ms)
[Licensing::Client] Successfully resolved entitlement details
Application.AssetDatabase Initial Refresh Start
[Package Manager] Restoring resolved packages state from cache
[Package Manager] Registered 62 packages:
  Packages from [https://packages.unity.com]:
    com.unity.ai.navigation@2.0.10 (location: D:\AssetStore_PhotoMode\AssetStore_PhotoMode\Library\PackageCache\com.unity.ai.navigation@c33a115e9883)
    com.unity.cinemachine@3.1.4 (location: D:\AssetStore_PhotoMode\AssetStore_PhotoMode\Library\PackageCache\com.unity.cinemachine@b66fdb7cd1f2)
    com.unity.collab-proxy@2.11.3 (location: D:\AssetStore_PhotoMode\AssetStore_PhotoMode\Library\PackageCache\com.unity.collab-proxy@e566cd3e7623)
    com.unity.ide.rider@3.0.39 (location: D:\AssetStore_PhotoMode\AssetStore_PhotoMode\Library\PackageCache\com.unity.ide.rider@4504839d03f7)
    com.unity.ide.visualstudio@2.0.26 (location: D:\AssetStore_PhotoMode\AssetStore_PhotoMode\Library\PackageCache\com.unity.ide.visualstudio@a99d56dec63f)
    com.unity.inputsystem@1.18.0 (location: D:\AssetStore_PhotoMode\AssetStore_PhotoMode\Library\PackageCache\com.unity.inputsystem@57d0e36f6123)
    com.unity.timeline@1.8.10 (location: D:\AssetStore_PhotoMode\AssetStore_PhotoMode\Library\PackageCache\com.unity.timeline@7f8b2fb101b6)
    com.unity.visualscripting@1.9.9 (location: D:\AssetStore_PhotoMode\AssetStore_PhotoMode\Library\PackageCache\com.unity.visualscripting@191c0d7e3b69)
    com.unity.splines@2.8.2 (location: D:\AssetStore_PhotoMode\AssetStore_PhotoMode\Library\PackageCache\com.unity.splines@1cb7d86fc7ff)
    com.unity.nuget.newtonsoft-json@3.2.2 (location: D:\AssetStore_PhotoMode\AssetStore_PhotoMode\Library\PackageCache\com.unity.nuget.newtonsoft-json@4dfd81071c64)
    com.unity.searcher@4.9.4 (location: D:\AssetStore_PhotoMode\AssetStore_PhotoMode\Library\PackageCache\com.unity.searcher@d45a78918735)
    com.unity.burst@1.8.27 (location: D:\AssetStore_PhotoMode\AssetStore_PhotoMode\Library\PackageCache\com.unity.burst@973857688024)
    com.unity.mathematics@1.3.3 (location: D:\AssetStore_PhotoMode\AssetStore_PhotoMode\Library\PackageCache\com.unity.mathematics@19a9377c4ffa)
    com.unity.collections@2.6.2 (location: D:\AssetStore_PhotoMode\AssetStore_PhotoMode\Library\PackageCache\com.unity.collections@aea9d3bd5e19)
    com.unity.settings-manager@2.1.1 (location: D:\AssetStore_PhotoMode\AssetStore_PhotoMode\Library\PackageCache\com.unity.settings-manager@0b8638c5ce86)
    com.unity.nuget.mono-cecil@1.11.6 (location: D:\AssetStore_PhotoMode\AssetStore_PhotoMode\Library\PackageCache\com.unity.nuget.mono-cecil@ecb9724e46ff)
    com.unity.test-framework.performance@3.2.0 (location: D:\AssetStore_PhotoMode\AssetStore_PhotoMode\Library\PackageCache\com.unity.test-framework.performance@0840f58e4562)
  Built-in packages:
    com.unity.modules.accessibility@1.0.0 (location: D:\AssetStore_PhotoMode\AssetStore_PhotoMode\Library\PackageCache\com.unity.modules.accessibility)
    com.unity.modules.adaptiveperformance@1.0.0 (location: D:\AssetStore_PhotoMode\AssetStore_PhotoMode\Library\PackageCache\com.unity.modules.adaptiveperformance)
    com.unity.modules.ai@1.0.0 (location: D:\AssetStore_PhotoMode\AssetStore_PhotoMode\Library\PackageCache\com.unity.modules.ai)
    com.unity.modules.androidjni@1.0.0 (location: D:\AssetStore_PhotoMode\AssetStore_PhotoMode\Library\PackageCache\com.unity.modules.androidjni)
    com.unity.modules.animation@1.0.0 (location: D:\AssetStore_PhotoMode\AssetStore_PhotoMode\Library\PackageCache\com.unity.modules.animation)
    com.unity.modules.assetbundle@1.0.0 (location: D:\AssetStore_PhotoMode\AssetStore_PhotoMode\Library\PackageCache\com.unity.modules.assetbundle)
    com.unity.modules.audio@1.0.0 (location: D:\AssetStore_PhotoMode\AssetStore_PhotoMode\Library\PackageCache\com.unity.modules.audio)
    com.unity.modules.cloth@1.0.0 (location: D:\AssetStore_PhotoMode\AssetStore_PhotoMode\Library\PackageCache\com.unity.modules.cloth)
    com.unity.modules.director@1.0.0 (location: D:\AssetStore_PhotoMode\AssetStore_PhotoMode\Library\PackageCache\com.unity.modules.director)
    com.unity.modules.imageconversion@1.0.0 (location: D:\AssetStore_PhotoMode\AssetStore_PhotoMode\Library\PackageCache\com.unity.modules.imageconversion)
    com.unity.modules.imgui@1.0.0 (location: D:\AssetStore_PhotoMode\AssetStore_PhotoMode\Library\PackageCache\com.unity.modules.imgui)
    com.unity.modules.jsonserialize@1.0.0 (location: D:\AssetStore_PhotoMode\AssetStore_PhotoMode\Library\PackageCache\com.unity.modules.jsonserialize)
    com.unity.modules.particlesystem@1.0.0 (location: D:\AssetStore_PhotoMode\AssetStore_PhotoMode\Library\PackageCache\com.unity.modules.particlesystem)
    com.unity.modules.physics@1.0.0 (location: D:\AssetStore_PhotoMode\AssetStore_PhotoMode\Library\PackageCache\com.unity.modules.physics)
    com.unity.modules.physics2d@1.0.0 (location: D:\AssetStore_PhotoMode\AssetStore_PhotoMode\Library\PackageCache\com.unity.modules.physics2d)
    com.unity.modules.screencapture@1.0.0 (location: D:\AssetStore_PhotoMode\AssetStore_PhotoMode\Library\PackageCache\com.unity.modules.screencapture)
    com.unity.modules.terrain@1.0.0 (location: D:\AssetStore_PhotoMode\AssetStore_PhotoMode\Library\PackageCache\com.unity.modules.terrain)
    com.unity.modules.terrainphysics@1.0.0 (location: D:\AssetStore_PhotoMode\AssetStore_PhotoMode\Library\PackageCache\com.unity.modules.terrainphysics)
    com.unity.modules.tilemap@1.0.0 (location: D:\AssetStore_PhotoMode\AssetStore_PhotoMode\Library\PackageCache\com.unity.modules.tilemap)
    com.unity.modules.ui@1.0.0 (location: D:\AssetStore_PhotoMode\AssetStore_PhotoMode\Library\PackageCache\com.unity.modules.ui)
    com.unity.modules.uielements@1.0.0 (location: D:\AssetStore_PhotoMode\AssetStore_PhotoMode\Library\PackageCache\com.unity.modules.uielements)
    com.unity.modules.umbra@1.0.0 (location: D:\AssetStore_PhotoMode\AssetStore_PhotoMode\Library\PackageCache\com.unity.modules.umbra)
    com.unity.modules.unityanalytics@1.0.0 (location: D:\AssetStore_PhotoMode\AssetStore_PhotoMode\Library\PackageCache\com.unity.modules.unityanalytics)
    com.unity.modules.unitywebrequest@1.0.0 (location: D:\AssetStore_PhotoMode\AssetStore_PhotoMode\Library\PackageCache\com.unity.modules.unitywebrequest)
    com.unity.modules.unitywebrequestassetbundle@1.0.0 (location: D:\AssetStore_PhotoMode\AssetStore_PhotoMode\Library\PackageCache\com.unity.modules.unitywebrequestassetbundle)
    com.unity.modules.unitywebrequestaudio@1.0.0 (location: D:\AssetStore_PhotoMode\AssetStore_PhotoMode\Library\PackageCache\com.unity.modules.unitywebrequestaudio)
    com.unity.modules.unitywebrequesttexture@1.0.0 (location: D:\AssetStore_PhotoMode\AssetStore_PhotoMode\Library\PackageCache\com.unity.modules.unitywebrequesttexture)
    com.unity.modules.unitywebrequestwww@1.0.0 (location: D:\AssetStore_PhotoMode\AssetStore_PhotoMode\Library\PackageCache\com.unity.modules.unitywebrequestwww)
    com.unity.modules.vectorgraphics@1.0.0 (location: D:\AssetStore_PhotoMode\AssetStore_PhotoMode\Library\PackageCache\com.unity.modules.vectorgraphics)
    com.unity.modules.vehicles@1.0.0 (location: D:\AssetStore_PhotoMode\AssetStore_PhotoMode\Library\PackageCache\com.unity.modules.vehicles)
    com.unity.modules.video@1.0.0 (location: D:\AssetStore_PhotoMode\AssetStore_PhotoMode\Library\PackageCache\com.unity.modules.video)
    com.unity.modules.vr@1.0.0 (location: D:\AssetStore_PhotoMode\AssetStore_PhotoMode\Library\PackageCache\com.unity.modules.vr)
    com.unity.modules.wind@1.0.0 (location: D:\AssetStore_PhotoMode\AssetStore_PhotoMode\Library\PackageCache\com.unity.modules.wind)
    com.unity.modules.xr@1.0.0 (location: D:\AssetStore_PhotoMode\AssetStore_PhotoMode\Library\PackageCache\com.unity.modules.xr)
    com.unity.multiplayer.center@1.0.1 (location: D:\AssetStore_PhotoMode\AssetStore_PhotoMode\Library\PackageCache\com.unity.multiplayer.center@f01f4ba8d00a)
    com.unity.render-pipelines.universal@17.3.0 (location: D:\AssetStore_PhotoMode\AssetStore_PhotoMode\Library\PackageCache\com.unity.render-pipelines.universal@a6e30d1f59f5)
    com.unity.test-framework@1.6.0 (location: D:\AssetStore_PhotoMode\AssetStore_PhotoMode\Library\PackageCache\com.unity.test-framework@0b7a23ab2e1d)
    com.unity.ugui@2.0.0 (location: D:\AssetStore_PhotoMode\AssetStore_PhotoMode\Library\PackageCache\com.unity.ugui@bb329a87fcdc)
    com.unity.ext.nunit@2.0.5 (location: D:\AssetStore_PhotoMode\AssetStore_PhotoMode\Library\PackageCache\com.unity.ext.nunit@d8c07649098d)
    com.unity.render-pipelines.core@17.3.0 (location: D:\AssetStore_PhotoMode\AssetStore_PhotoMode\Library\PackageCache\com.unity.render-pipelines.core@d6dfd1e235d5)
    com.unity.shadergraph@17.3.0 (location: D:\AssetStore_PhotoMode\AssetStore_PhotoMode\Library\PackageCache\com.unity.shadergraph@d44b48771ebb)
    com.unity.render-pipelines.universal-config@17.0.3 (location: D:\AssetStore_PhotoMode\AssetStore_PhotoMode\Library\PackageCache\com.unity.render-pipelines.universal-config@8dc1aab4af1d)
    com.unity.modules.subsystems@1.0.0 (location: D:\AssetStore_PhotoMode\AssetStore_PhotoMode\Library\PackageCache\com.unity.modules.subsystems)
    com.unity.modules.hierarchycore@1.0.0 (location: D:\AssetStore_PhotoMode\AssetStore_PhotoMode\Library\PackageCache\com.unity.modules.hierarchycore)
  Git packages:
    com.unity.asset-store-tools@https://github.com/Unity-Technologies/com.unity.asset-store-tools.git?path=/com.unity.asset-store-tools (location: D:\AssetStore_PhotoMode\AssetStore_PhotoMode\Library\PackageCache\com.unity.asset-store-tools@4a388c74e9f9)
[Subsystems] No new subsystems found in resolved package list.
[Package Manager] Done registering packages in 0.00 seconds
Assembly reference Packages/com.unity.cinemachine/Editor/Samples/ExposeHDRPInternals/HDRP-Editor-ref.asmref has no target assembly definition
Assembly reference Packages/com.unity.cinemachine/Editor/Samples/ExposeHDRPInternals/HDRP-Editor-ref.asmref has no target assembly definition
Starting: D:\Unity\6000.3.8f1\Editor\Data\Tools\BuildPipeline\bee_backend.exe --ipc --defer-dag-verification --dagfile="Library/Bee/2000b0aEDbg.dag" --continue-on-failure --profile="Library/Bee/backend1.traceevents" ScriptAssemblies
WorkingDir: D:/AssetStore_PhotoMode/AssetStore_PhotoMode
DisplayProgressbar: Compiling Scripts
ExitCode: 0 Duration: 0s443ms
[ 810/1042  0s] ILPP-Configuration Library/ilpp-configuration.nevergeneratedoutput
*** Tundra build success (0.41 seconds), 1 items updated, 1042 evaluated
AssetDatabase: script compilation time: 0.992667s
Begin MonoManager ReloadAssembly
- Loaded All Assemblies, in  1.347 seconds
'Packages/com.unity.cinemachine/Editor/Editors/CinemachineVirtualCameraBaseEditor.cs' contains partial class of Unity.Object, exactly 1 of the partial classes needs to be in a file with the same filename. This is to know the one that can be referenced from ie. GameObjects
'Packages/com.unity.cinemachine/Editor/Obsolete/CinemachineVirtualCameraBaseEditor.cs' contains partial class of Unity.Object, exactly 1 of the partial classes needs to be in a file with the same filename. This is to know the one that can be referenced from ie. GameObjects
Refreshing native plugins compatible for Editor in 2.62 ms, found 3 plugins.
Native extension for LinuxStandalone target not found
Native extension for Android target not found
Native extension for UWP target not found
Native extension for WindowsStandalone target not found
Native extension for OSXStandalone target not found
Native extension for WebGL target not found
Assembly reference Packages/com.unity.cinemachine/Editor/Samples/ExposeHDRPInternals/HDRP-Editor-ref.asmref has no target assembly definition
ScheduleIndexationOnStartup MainProcess:True IndexOnStartup:True
Mono: successfully reloaded assembly
- Finished resetting the current domain, in  7.265 seconds
Domain Reload Profiling: 8597ms
	BeginReloadAssembly (352ms)
		ExecutionOrderSort (0ms)
		DisableScriptedObjects (40ms)
		BackupInstance (0ms)
		ReleaseScriptingObjects (0ms)
		CreateAndSetChildDomain (145ms)
	RebuildCommonClasses (48ms)
	RebuildNativeTypeToScriptingClass (16ms)
	initialDomainReloadingComplete (40ms)
	LoadAllAssembliesAndSetupDomain (875ms)
		LoadAssemblies (689ms)
		RebuildTransferFunctionScriptingTraits (0ms)
		AnalyzeDomain (315ms)
			TypeCache.Refresh (219ms)
				TypeCache.ScanAssembly (202ms)
			BuildScriptInfoCaches (80ms)
			ResolveRequiredComponents (13ms)
	FinalizeReload (7265ms)
		ReleaseScriptCaches (0ms)
		RebuildScriptCaches (0ms)
		SetupLoadedEditorAssemblies (6939ms)
			LogAssemblyErrors (0ms)
			InitializePlatformSupportModulesInManaged (60ms)
			SetLoadedEditorAssemblies (8ms)
			BeforeProcessingInitializeOnLoad (322ms)
			ProcessInitializeOnLoadAttributes (6431ms)
			ProcessInitializeOnLoadMethodAttributes (103ms)
			AfterProcessingInitializeOnLoad (14ms)
			EditorAssembliesLoaded (0ms)
		ExecutionOrderSort2 (0ms)
		AwakeInstancesAfterBackupRestoration (7ms)
Asset Pipeline Refresh (id=fe2b17fe09b555649b524ca8861683a3): Total: 10.554 seconds - Initiated by InitialRefreshV2(ForceSynchronousImport)
	Summary:
		Imports: total=0 (actual=0, local cache=0, cache server=0)
		Asset DB Process Time: managed=0 ms, native=7972 ms
		Asset DB Callback time: managed=37 ms, native=5 ms
		Scripting: domain reloads=1, domain reload time=1347 ms, compile time=994 ms, other=196 ms
		Project Asset Count: scripts=1456, non-scripts=2742
		Asset File Changes: new=0, changed=0, moved=0, deleted=0
		Scan Filter Count: 0
	InvokeCustomDependenciesCallbacks: 0.001ms
	InvokePackagesCallback: 8.148ms
	ApplyChangesToAssetFolders: 0.817ms
	Scan: 159.725ms
	OnSourceAssetsModified: 0.004ms
	CategorizeAssetsWithTransientArtifact: 60.658ms
	ProcessAssetsWithTransientArtifactChanges: 89.303ms
	CategorizeAssets: 64.609ms
	ImportOutOfDateAssets: 7281.331ms (6283.750ms without children)
		CompileScripts: 994.237ms
		ReloadNativeAssets: 0.042ms
		UnloadImportedAssets: 1.802ms
		EnsureUptoDateAssetsAreRegisteredWithGuidPM: 0.976ms
		InitializingProgressBar: 0.001ms
		PostProcessAllAssetNotificationsAddChangedAssets: 0.001ms
		OnDemandSchedulerStart: 0.521ms
	PostProcessAllAssets: 37.389ms
	GatherAllCurrentPrimaryArtifactRevisions: 0.001ms
	UnloadStreamsBegin: 1.467ms
	PersistCurrentRevisions: 0.114ms
	UnloadStreamsEnd: 0.002ms
	GenerateScriptTypeHashes: 3.726ms
	Untracked: 2850.083ms

Application.AssetDatabase Initial Refresh End
Launched and connected shader compiler UnityShaderCompiler.exe after 0.01 seconds
Scanning for USB devices : 11.389ms
Initializing Unity extensions:
[MODES] ModeService[none].Initialize
[MODES] ModeService[none].LoadModes
[MODES] Loading mode Default (0) for mode-current-id-AssetStore_PhotoMode
Unloading 72 Unused Serialized files (Serialized files now loaded: 0)
Unloading 7120 unused Assets / (16.0 MB). Loaded Objects now: 7880.
Memory consumption went from 211.9 MB to 195.9 MB.
Total: 21.318800 ms (FindLiveObjects: 1.424600 ms CreateObjectMapping: 0.824000 ms MarkObjects: 8.720300 ms  DeleteObjects: 10.348000 ms)

Starting new worker id: 0 with log in D:/AssetStore_PhotoMode/AssetStore_PhotoMode/Logs/AssetImportWorker0.log
Starting new worker id: 1 with log in D:/AssetStore_PhotoMode/AssetStore_PhotoMode/Logs/AssetImportWorker1.log
Worker ready: AssetImportWorker1 1
Worker ready: AssetImportWorker0 0
[Worker1] Start importing Assets/PhotoModePro/Runtime/Lighting/PhotoModeLightMath.cs using Guid(b11fa12ea6a163c47a91e47b3dfdae1a) Importer(815301076,1909f56bfc062723c751e8b465ee728b) 
[Worker1] (PreviewImporter)
[Worker1]  -> (artifact id: 'd17000a54add7343bfdc2674e88910b6') in 0.0094783 seconds
[Worker0] Start importing Assets/PhotoModePro/Runtime/UI/PhotoModeLightGizmo.cs using Guid(a9c854bdd1ced8b45a1c872a40dabc79) Importer(815301076,1909f56bfc062723c751e8b465ee728b) 
[Worker0] (PreviewImporter)
[Worker0]  -> (artifact id: 'cc68db7d165f7e0ae2b66ae0ff781d84') in 0.0103736 seconds
[Worker0] Start importing Assets/PhotoModePro/Runtime/UI/PhotoModeLightGizmoLayer.cs using Guid(78c37cc7ef2aa4c4e97cb1ee34cecab8) Importer(815301076,1909f56bfc062723c751e8b465ee728b) 
[Worker0] (PreviewImporter)
[Worker0]  -> (artifact id: '6b96924a43b8c29286fd6652145a9f88') in 0.0008517 seconds
[Worker0] Start importing Assets/PhotoModePro/CHANGELOG.md using Guid(23ecba445dbc54c4fa385335d287bbf5) Importer(815301076,1909f56bfc062723c751e8b465ee728b) 
[Worker0] (PreviewImporter)
[Worker0]  -> (artifact id: 'c07f85928f4f6490454ecc7006508918') in 0.0216205 seconds
[Worker0] Start importing Assets/PhotoModePro/Runtime/UI/PhotoModeUIController.cs using Guid(6c23c71fa475dd54e8874f1d4977cdb3) Importer(815301076,1909f56bfc062723c751e8b465ee728b) 
[Worker0] (PreviewImporter)
[Worker0]  -> (artifact id: 'bc7e3bbbeaa4e103cc94106cb51fd28a') in 0.0008579 seconds
[PhotoModePro] Exported 384 assets to Build\PhotoModePro_v1.1.1.unitypackage (10835474 bytes):
  Assets/PhotoModePro/CHANGELOG.md
  Assets/PhotoModePro/Demo
  Assets/PhotoModePro/Demo/Art2D
  Assets/PhotoModePro/Demo/Art2D/Cloud2DA.png
  Assets/PhotoModePro/Demo/Art2D/Cloud2DB.png
  Assets/PhotoModePro/Demo/Art2D/Ground2D.png
  Assets/PhotoModePro/Demo/Art2D/Hills2DFar.png
  Assets/PhotoModePro/Demo/Art2D/Hills2DMid.png
  Assets/PhotoModePro/Demo/Art2D/Hills2DNear.png
  Assets/PhotoModePro/Demo/Art2D/Player2D.png
  Assets/PhotoModePro/Demo/Art2D/Rock2D.png
  Assets/PhotoModePro/Demo/Art2D/Sky2D.png
  Assets/PhotoModePro/Demo/Art2D/Sun2D.png
  Assets/PhotoModePro/Demo/Art2D/Tree2D.png
  Assets/PhotoModePro/Demo/CampfireFlicker.cs
  Assets/PhotoModePro/Demo/CritterPatrol.cs
  Assets/PhotoModePro/Demo/Demo2DDrifter.cs
  Assets/PhotoModePro/Demo/Demo2DFollowCamera.cs
  Assets/PhotoModePro/Demo/Demo2DPlayer.cs
  Assets/PhotoModePro/Demo/DemoPlayerInput.cs
  Assets/PhotoModePro/Demo/DemoScatterMath.cs
  Assets/PhotoModePro/Demo/Editor
  Assets/PhotoModePro/Demo/Editor/AssemblyInfo.cs
  Assets/PhotoModePro/Demo/Editor/Demo2DSceneBuilder.cs
  Assets/PhotoModePro/Demo/Editor/DemoExteriorSceneBuilder.cs
  Assets/PhotoModePro/Demo/Editor/DemoForestSceneBuilder.cs
  Assets/PhotoModePro/Demo/Editor/DemoInteriorSceneBuilder.cs
  Assets/PhotoModePro/Demo/Editor/DemoPipelineMismatchPrompt.cs
  Assets/PhotoModePro/Demo/Editor/DemoSceneBuilder.cs
  Assets/PhotoModePro/Demo/Editor/PhotoModePro.Demo.Editor.asmdef
  Assets/PhotoModePro/Demo/Generated
  Assets/PhotoModePro/Demo/Generated/Animations
  Assets/PhotoModePro/Demo/Generated/Animations/Critter_Deer.controller
  Assets/PhotoModePro/Demo/Generated/Animations/Critter_Fox.controller
  Assets/PhotoModePro/Demo/Generated/Animations/DemoAdventurer.controller
  Assets/PhotoModePro/Demo/Generated/Animations/DemoAdventurer_Airborne.anim
  Assets/PhotoModePro/Demo/Generated/Animations/DemoAdventurer_Idle.anim
  Assets/PhotoModePro/Demo/Generated/Animations/DemoAdventurer_Run.anim
  Assets/PhotoModePro/Demo/Generated/Animations/DemoAdventurer_Walk.anim
  Assets/PhotoModePro/Demo/Generated/Animations/DemoExteriorDeer.controller
  Assets/PhotoModePro/Demo/Generated/DemoExteriorGround.asset
  Assets/PhotoModePro/Demo/Generated/DemoExteriorSceneProfile.asset
  Assets/PhotoModePro/Demo/Generated/DemoForestGround.asset
  Assets/PhotoModePro/Demo/Generated/DemoInteriorBackdrop.asset
  Assets/PhotoModePro/Demo/Generated/DemoInteriorProfile.asset
  Assets/PhotoModePro/Demo/Generated/DemoSceneProfile.asset
  Assets/PhotoModePro/Demo/Generated/LightPresets
  Assets/PhotoModePro/Demo/Generated/LightPresets/GoldenHour.asset
  Assets/PhotoModePro/Demo/Generated/LightPresets/Moonlight.asset
  Assets/PhotoModePro/Demo/Generated/LightPresets/PracticalWarm.asset
  Assets/PhotoModePro/Demo/Generated/LightPresets/Rembrandt.asset
  Assets/PhotoModePro/Demo/Generated/LightPresets/RimOnly.asset
  Assets/PhotoModePro/Demo/Generated/LightPresets/ThreePoint.asset
  Assets/PhotoModePro/Demo/Generated/Luts
  Assets/PhotoModePro/Demo/Generated/Luts/AmberFade.asset
  Assets/PhotoModePro/Demo/Generated/Luts/AmberFade.png
  Assets/PhotoModePro/Demo/Generated/Luts/Arctic.asset
  Assets/PhotoModePro/Demo/Generated/Luts/Arctic.png
  Assets/PhotoModePro/Demo/Generated/Luts/BleachBypass.asset
  Assets/PhotoModePro/Demo/Generated/Luts/BleachBypass.png
  Assets/PhotoModePro/Demo/Generated/Luts/Crimson.asset
  Assets/PhotoModePro/Demo/Generated/Luts/Crimson.png
  Assets/PhotoModePro/Demo/Generated/Luts/CyberNeon.asset
  Assets/PhotoModePro/Demo/Generated/Luts/CyberNeon.png
  Assets/PhotoModePro/Demo/Generated/Luts/Desert.asset
  Assets/PhotoModePro/Demo/Generated/Luts/Desert.png
  Assets/PhotoModePro/Demo/Generated/Luts/Dusk.asset
  Assets/PhotoModePro/Demo/Generated/Luts/Dusk.png
  Assets/PhotoModePro/Demo/Generated/Luts/Emerald.asset
  Assets/PhotoModePro/Demo/Generated/Luts/Emerald.png
  Assets/PhotoModePro/Demo/Generated/Luts/FadedFilm.asset
  Assets/PhotoModePro/Demo/Generated/Luts/FadedFilm.png
  Assets/PhotoModePro/Demo/Generated/Luts/Frostbite.asset
  Assets/PhotoModePro/Demo/Generated/Luts/Frostbite.png
  Assets/PhotoModePro/Demo/Generated/Luts/GoldenHour.asset
  Assets/PhotoModePro/Demo/Generated/Luts/GoldenHour.png
  Assets/PhotoModePro/Demo/Generated/Luts/HighKey.asset
  Assets/PhotoModePro/Demo/Generated/Luts/HighKey.png
  Assets/PhotoModePro/Demo/Generated/Luts/Kodalike.asset
  Assets/PhotoModePro/Demo/Generated/Luts/Kodalike.png
  Assets/PhotoModePro/Demo/Generated/Luts/LowKey.asset
  Assets/PhotoModePro/Demo/Generated/Luts/LowKey.png
  Assets/PhotoModePro/Demo/Generated/Luts/MatteGreen.asset
  Assets/PhotoModePro/Demo/Generated/Luts/MatteGreen.png
  Assets/PhotoModePro/Demo/Generated/Luts/NoirContrast.asset
  Assets/PhotoModePro/Demo/Generated/Luts/NoirContrast.png
  Assets/PhotoModePro/Demo/Generated/Luts/Oceanic.asset
  Assets/PhotoModePro/Demo/Generated/Luts/Oceanic.png
  Assets/PhotoModePro/Demo/Generated/Luts/Pastel.asset
  Assets/PhotoModePro/Demo/Generated/Luts/Pastel.png
  Assets/PhotoModePro/Demo/Generated/Luts/Punch.asset
  Assets/PhotoModePro/Demo/Generated/Luts/Punch.png
  Assets/PhotoModePro/Demo/Generated/Luts/SepiaAlbum.asset
  Assets/PhotoModePro/Demo/Generated/Luts/SepiaAlbum.png
  Assets/PhotoModePro/Demo/Generated/Luts/SilverScreen.asset
  Assets/PhotoModePro/Demo/Generated/Luts/SilverScreen.png
  Assets/PhotoModePro/Demo/Generated/Luts/TealAndOrange.asset
  Assets/PhotoModePro/Demo/Generated/Luts/TealAndOrange.png
  Assets/PhotoModePro/Demo/Generated/Luts/TwilightPurple.asset
  Assets/PhotoModePro/Demo/Generated/Luts/TwilightPurple.png
  Assets/PhotoModePro/Demo/Generated/Luts/Verdant.asset
  Assets/PhotoModePro/Demo/Generated/Luts/Verdant.png
  Assets/PhotoModePro/Demo/Generated/Materials
  Assets/PhotoModePro/Demo/Generated/Materials/DemoDustParticle.mat
  Assets/PhotoModePro/Demo/Generated/Materials/DemoExteriorGround.mat
  Assets/PhotoModePro/Demo/Generated/Materials/DemoExteriorSky.mat
  Assets/PhotoModePro/Demo/Generated/Materials/DemoFireParticle.mat
  Assets/PhotoModePro/Demo/Generated/Materials/DemoGlowParticle.mat
  Assets/PhotoModePro/Demo/Generated/Materials/DemoGround.mat
  Assets/PhotoModePro/Demo/Generated/Materials/DemoInteriorBackdrop.mat
  Assets/PhotoModePro/Demo/Generated/Materials/DemoInteriorFloor.mat
  Assets/PhotoModePro/Demo/Generated/Materials/DemoInteriorRug.mat
  Assets/PhotoModePro/Demo/Generated/Materials/DemoInteriorWall.mat
  Assets/PhotoModePro/Demo/Generated/Materials/DemoSkybox.mat
  Assets/PhotoModePro/Demo/Generated/Materials/DemoSmokeParticle.mat
  Assets/PhotoModePro/Demo/Generated/PhotoMode2DSettings.asset
  Assets/PhotoModePro/Demo/Generated/PhotoModeExteriorSettings.asset
  Assets/PhotoModePro/Demo/Generated/PhotoModeInteriorSettings.asset
  Assets/PhotoModePro/Demo/Generated/PhotoModePro.prefab
  Assets/PhotoModePro/Demo/Generated/PhotoModeSettings.asset
  Assets/PhotoModePro/Demo/Generated/PhotoModeUI.prefab
  Assets/PhotoModePro/Demo/Generated/PhotoModeUITheme.asset
  Assets/PhotoModePro/Demo/Generated/Presets
  Assets/PhotoModePro/Demo/Generated/Presets/Clean.asset
  Assets/PhotoModePro/Demo/Generated/Presets/Cool.asset
  Assets/PhotoModePro/Demo/Generated/Presets/Noir.asset
  Assets/PhotoModePro/Demo/Generated/Presets/Vintage.asset
  Assets/PhotoModePro/Demo/Generated/Presets/Vivid.asset
  Assets/PhotoModePro/Demo/Generated/Presets/Warm.asset
  Assets/PhotoModePro/Demo/Generated/UI
  Assets/PhotoModePro/Demo/Generated/UI/Audio
  Assets/PhotoModePro/Demo/Generated/UI/Audio/UiClick.wav
  Assets/PhotoModePro/Demo/Generated/UI/Audio/UiHover.wav
  Assets/PhotoModePro/Demo/Generated/UI/Audio/UiShutter.wav
  Assets/PhotoModePro/Demo/Generated/UI/Audio/UiTab.wav
  Assets/PhotoModePro/Demo/Generated/UI/Audio/UiToggleOff.wav
  Assets/PhotoModePro/Demo/Generated/UI/Audio/UiToggleOn.wav
  Assets/PhotoModePro/Demo/Generated/UI/PhotoModeTmpOutline.mat
  Assets/PhotoModePro/Demo/Generated/UI/Sprites
  Assets/PhotoModePro/Demo/Generated/UI/Sprites/UiBottomFade.png
  Assets/PhotoModePro/Demo/Generated/UI/Sprites/UiCheckmark.png
  Assets/PhotoModePro/Demo/Generated/UI/Sprites/UiControlRounded.png
  Assets/PhotoModePro/Demo/Generated/UI/Sprites/UiFocusRingCircle.png
  Assets/PhotoModePro/Demo/Generated/UI/Sprites/UiFocusRingRect.png
  Assets/PhotoModePro/Demo/Generated/UI/Sprites/UiGlow.png
  Assets/PhotoModePro/Demo/Generated/UI/Sprites/UiIconCamera.png
  Assets/PhotoModePro/Demo/Generated/UI/Sprites/UiIconCapture.png
  Assets/PhotoModePro/Demo/Generated/UI/Sprites/UiIconEffects.png
  Assets/PhotoModePro/Demo/Generated/UI/Sprites/UiIconGallery.png
  Assets/PhotoModePro/Demo/Generated/UI/Sprites/UiIconLight.png
  Assets/PhotoModePro/Demo/Generated/UI/Sprites/UiIconPresets.png
  Assets/PhotoModePro/Demo/Generated/UI/Sprites/UiIconSnap.png
  Assets/PhotoModePro/Demo/Generated/UI/Sprites/UiKnob.png
  Assets/PhotoModePro/Demo/Generated/UI/Sprites/UiPanelRounded.png
  Assets/PhotoModePro/Demo/Generated/UI/Sprites/UiRing.png
  Assets/PhotoModePro/Demo/Parallax2D.cs
  Assets/PhotoModePro/Demo/PhotoMode2DDemo.unity
  Assets/PhotoModePro/Demo/PhotoModeDemo.unity
  Assets/PhotoModePro/Demo/PhotoModeExteriorDemo.unity
  Assets/PhotoModePro/Demo/PhotoModeInteriorDemo.unity
  Assets/PhotoModePro/Demo/PhotoModePro.Demo.asmdef
  Assets/PhotoModePro/Demo/ThirdParty
  Assets/PhotoModePro/Demo/ThirdParty/ATTRIBUTIONS.md
  Assets/PhotoModePro/Demo/ThirdParty/AmbientCG_Grass004
  Assets/PhotoModePro/Demo/ThirdParty/AmbientCG_Grass004/Grass004_1K-JPG_Color.jpg
  Assets/PhotoModePro/Demo/ThirdParty/Audio
  Assets/PhotoModePro/Demo/ThirdParty/Audio/campfire_crackle_loop.wav
  Assets/PhotoModePro/Demo/ThirdParty/Audio/forest_ambience_birds.ogg
  Assets/PhotoModePro/Demo/ThirdParty/Kenney_FurnitureKit
  Assets/PhotoModePro/Demo/ThirdParty/Kenney_FurnitureKit/License.txt
  Assets/PhotoModePro/Demo/ThirdParty/Kenney_FurnitureKit/bookcaseOpen.fbx
  Assets/PhotoModePro/Demo/ThirdParty/Kenney_FurnitureKit/books.fbx
  Assets/PhotoModePro/Demo/ThirdParty/Kenney_FurnitureKit/cardboardBoxClosed.fbx
  Assets/PhotoModePro/Demo/ThirdParty/Kenney_FurnitureKit/cardboardBoxOpen.fbx
  Assets/PhotoModePro/Demo/ThirdParty/Kenney_FurnitureKit/chairRounded.fbx
  Assets/PhotoModePro/Demo/ThirdParty/Kenney_FurnitureKit/lampRoundFloor.fbx
  Assets/PhotoModePro/Demo/ThirdParty/Kenney_FurnitureKit/plantSmall2.fbx
  Assets/PhotoModePro/Demo/ThirdParty/Kenney_FurnitureKit/radio.fbx
  Assets/PhotoModePro/Demo/ThirdParty/Kenney_FurnitureKit/table.fbx
  Assets/PhotoModePro/Demo/ThirdParty/Kenney_FurnitureKit/televisionVintage.fbx
  Assets/PhotoModePro/Demo/ThirdParty/Kenney_NatureKit
  Assets/PhotoModePro/Demo/ThirdParty/Kenney_NatureKit/License.txt
  Assets/PhotoModePro/Demo/ThirdParty/Kenney_NatureKit/campfire_logs.fbx
  Assets/PhotoModePro/Demo/ThirdParty/Kenney_NatureKit/campfire_stones.fbx
  Assets/PhotoModePro/Demo/ThirdParty/Kenney_NatureKit/cliff_large_rock.fbx
  Assets/PhotoModePro/Demo/ThirdParty/Kenney_NatureKit/cliff_top_rock.fbx
  Assets/PhotoModePro/Demo/ThirdParty/Kenney_NatureKit/grass.fbx
  Assets/PhotoModePro/Demo/ThirdParty/Kenney_NatureKit/grass_large.fbx
  Assets/PhotoModePro/Demo/ThirdParty/Kenney_NatureKit/log.fbx
  Assets/PhotoModePro/Demo/ThirdParty/Kenney_NatureKit/log_stack.fbx
  Assets/PhotoModePro/Demo/ThirdParty/Kenney_NatureKit/path_stone.fbx
  Assets/PhotoModePro/Demo/ThirdParty/Kenney_NatureKit/path_stoneCircle.fbx
  Assets/PhotoModePro/Demo/ThirdParty/Kenney_NatureKit/plant_bush.fbx
  Assets/PhotoModePro/Demo/ThirdParty/Kenney_NatureKit/plant_bushDetailed.fbx
  Assets/PhotoModePro/Demo/ThirdParty/Kenney_NatureKit/rock_largeA.fbx
  Assets/PhotoModePro/Demo/ThirdParty/Kenney_NatureKit/rock_largeC.fbx
  Assets/PhotoModePro/Demo/ThirdParty/Kenney_NatureKit/rock_smallA.fbx
  Assets/PhotoModePro/Demo/ThirdParty/Kenney_NatureKit/stump_round.fbx
  Assets/PhotoModePro/Demo/ThirdParty/Kenney_NatureKit/tree_default.fbx
  Assets/PhotoModePro/Demo/ThirdParty/Kenney_NatureKit/tree_oak.fbx
  Assets/PhotoModePro/Demo/ThirdParty/Kenney_NatureKit/tree_pineDefaultA.fbx
  Assets/PhotoModePro/Demo/ThirdParty/Kenney_NatureKit/tree_pineTallA.fbx
  Assets/PhotoModePro/Demo/ThirdParty/Kenney_SurvivalKit
  Assets/PhotoModePro/Demo/ThirdParty/Kenney_SurvivalKit/License.txt
  Assets/PhotoModePro/Demo/ThirdParty/Kenney_SurvivalKit/Textures
  Assets/PhotoModePro/Demo/ThirdParty/Kenney_SurvivalKit/Textures/colormap.png
  Assets/PhotoModePro/Demo/ThirdParty/Kenney_SurvivalKit/barrel.fbx
  Assets/PhotoModePro/Demo/ThirdParty/Kenney_SurvivalKit/bedroll.fbx
  Assets/PhotoModePro/Demo/ThirdParty/Kenney_SurvivalKit/box-large.fbx
  Assets/PhotoModePro/Demo/ThirdParty/Kenney_SurvivalKit/box.fbx
  Assets/PhotoModePro/Demo/ThirdParty/Kenney_SurvivalKit/bucket.fbx
  Assets/PhotoModePro/Demo/ThirdParty/Kenney_SurvivalKit/campfire-pit.fbx
  Assets/PhotoModePro/Demo/ThirdParty/Kenney_SurvivalKit/chest.fbx
  Assets/PhotoModePro/Demo/ThirdParty/Kenney_SurvivalKit/signpost.fbx
  Assets/PhotoModePro/Demo/ThirdParty/Kenney_SurvivalKit/tent-canvas.fbx
  Assets/PhotoModePro/Demo/ThirdParty/Kenney_SurvivalKit/tent.fbx
  Assets/PhotoModePro/Demo/ThirdParty/PolyHaven
  Assets/PhotoModePro/Demo/ThirdParty/PolyHaven/industrial_sunset_puresky_2k.hdr
  Assets/PhotoModePro/Demo/ThirdParty/Quaternius_Animals
  Assets/PhotoModePro/Demo/ThirdParty/Quaternius_Animals/Deer.fbx
  Assets/PhotoModePro/Demo/ThirdParty/Quaternius_Animals/Fox.fbx
  Assets/PhotoModePro/Demo/ThirdParty/Quaternius_Animals/License.txt
  Assets/PhotoModePro/Demo/ThirdParty/Quaternius_Characters
  Assets/PhotoModePro/Demo/ThirdParty/Quaternius_Characters/Elf.fbx
  Assets/PhotoModePro/Demo/ThirdParty/Quaternius_Characters/License.txt
  Assets/PhotoModePro/Demo/ThirdPersonCharacter.cs
  Assets/PhotoModePro/Demo/ThirdPersonFollowCamera.cs
  Assets/PhotoModePro/Demo/ThirdPersonMath.cs
  Assets/PhotoModePro/Documentation.pdf
  Assets/PhotoModePro/Editor
  Assets/PhotoModePro/Editor/AssemblyInfo.cs
  Assets/PhotoModePro/Editor/CaptureStudio
  Assets/PhotoModePro/Editor/CaptureStudio/Generated
  Assets/PhotoModePro/Editor/CaptureStudio/Generated/AppStoreScreenshot.asset
  Assets/PhotoModePro/Editor/CaptureStudio/Generated/AssetStoreCard.asset
  Assets/PhotoModePro/Editor/CaptureStudio/Generated/AssetStoreIcon.asset
  Assets/PhotoModePro/Editor/CaptureStudio/Generated/AssetStoreKeyImage.asset
  Assets/PhotoModePro/Editor/CaptureStudio/Generated/PlayStoreFeature.asset
  Assets/PhotoModePro/Editor/CaptureStudio/Generated/PlayStoreScreenshot.asset
  Assets/PhotoModePro/Editor/CaptureStudio/Generated/PressKit4K.asset
  Assets/PhotoModePro/Editor/CaptureStudio/Generated/SteamCapsuleMain.asset
  Assets/PhotoModePro/Editor/CaptureStudio/Generated/SteamCapsuleSmall.asset
  Assets/PhotoModePro/Editor/CaptureStudio/Generated/SteamHeader.asset
  Assets/PhotoModePro/Editor/CaptureStudio/Generated/SteamLibrary.asset
  Assets/PhotoModePro/Editor/CaptureStudio/Generated/Wallpaper1080.asset
  Assets/PhotoModePro/Editor/CaptureStudio/Generated/Wallpaper1440.asset
  Assets/PhotoModePro/Editor/CaptureStudio/PhotoModeCaptureStudioAssets.cs
  Assets/PhotoModePro/Editor/CaptureStudio/PhotoModeCaptureStudioSession.cs
  Assets/PhotoModePro/Editor/CaptureStudio/PhotoModeCaptureStudioWindow.cs
  Assets/PhotoModePro/Editor/CaptureStudio/PhotoModeHeadlessCapture.cs
  Assets/PhotoModePro/Editor/CaptureStudio/PhotoModeShotListRunner.cs
  Assets/PhotoModePro/Editor/CaptureStudio/PhotoModeShotRenderer.cs
  Assets/PhotoModePro/Editor/DemoAnimatorBuilder.cs
  Assets/PhotoModePro/Editor/DemoParticleBuilder.cs
  Assets/PhotoModePro/Editor/DemoTerrainBuilder.cs
  Assets/PhotoModePro/Editor/DemoThirdPartyAssets.cs
  Assets/PhotoModePro/Editor/DemoUiBuilder.cs
  Assets/PhotoModePro/Editor/PhotoModeAboutWindow.cs
  Assets/PhotoModePro/Editor/PhotoModeEnvironmentChecks.cs
  Assets/PhotoModePro/Editor/PhotoModeLutFilterBuilder.cs
  Assets/PhotoModePro/Editor/PhotoModeMenu.cs
  Assets/PhotoModePro/Editor/PhotoModePipelineMaterials.cs
  Assets/PhotoModePro/Editor/PhotoModePro.Editor.asmdef
  Assets/PhotoModePro/Editor/PhotoModeProductInfo.cs
  Assets/PhotoModePro/Editor/PhotoModeSceneSetup.cs
  Assets/PhotoModePro/Editor/PhotoModeSelfTest.cs
  Assets/PhotoModePro/Editor/PhotoModeSettingsEditor.cs
  Assets/PhotoModePro/Editor/PhotoModeSetupWizardWindow.cs
  Assets/PhotoModePro/Editor/PhotoModeTmpEssentials.cs
  Assets/PhotoModePro/Editor/PhotoModeUiAudioBuilder.cs
  Assets/PhotoModePro/Editor/PhotoModeUiSpriteBuilder.cs
  Assets/PhotoModePro/Editor/PhotoModeWelcomeWindow.cs
  Assets/PhotoModePro/README.md
  Assets/PhotoModePro/Runtime
  Assets/PhotoModePro/Runtime/AssemblyInfo.cs
  Assets/PhotoModePro/Runtime/Capture
  Assets/PhotoModePro/Runtime/Capture/IPhotoModeFileSink.cs
  Assets/PhotoModePro/Runtime/Capture/Layers
  Assets/PhotoModePro/Runtime/Capture/Layers/IPhotoModeLayerCaptureBackend.cs
  Assets/PhotoModePro/Runtime/Capture/Layers/PhotoModeLayerCaptureBackends.cs
  Assets/PhotoModePro/Runtime/Capture/Layers/PhotoModeLayerCaptureService.cs
  Assets/PhotoModePro/Runtime/Capture/Layers/PhotoModeLayerDrawCore.cs
  Assets/PhotoModePro/Runtime/Capture/Layers/PhotoModeRenderLayer.cs
  Assets/PhotoModePro/Runtime/Capture/Layers/Resources
  Assets/PhotoModePro/Runtime/Capture/Layers/Resources/PhotoModePro
  Assets/PhotoModePro/Runtime/Capture/Layers/Resources/PhotoModePro/PhotoModeExtras.shader
  Assets/PhotoModePro/Runtime/Capture/Layers/Resources/PhotoModePro/PhotoModeLayerAlbedoBuiltIn.shader
  Assets/PhotoModePro/Runtime/Capture/Layers/Resources/PhotoModePro/PhotoModeLayerAlbedoSrp.shader
  Assets/PhotoModePro/Runtime/Capture/Layers/Resources/PhotoModePro/PhotoModeLayerDepth.shader
  Assets/PhotoModePro/Runtime/Capture/Layers/Resources/PhotoModePro/PhotoModeLayerFlatColor.shader
  Assets/PhotoModePro/Runtime/Capture/Layers/Resources/PhotoModePro/PhotoModeLayerNormal.shader
  Assets/PhotoModePro/Runtime/Capture/Layers/Resources/PhotoModePro/PhotoModeTileOverlay.shader
  Assets/PhotoModePro/Runtime/Capture/PhotoCaptureService.cs
  Assets/PhotoModePro/Runtime/Capture/PhotoFileNaming.cs
  Assets/PhotoModePro/Runtime/Capture/PhotoModeCameraBookmark.cs
  Assets/PhotoModePro/Runtime/Capture/PhotoModeDownloads.cs
  Assets/PhotoModePro/Runtime/Capture/PhotoModeFileBrowser.cs
  Assets/PhotoModePro/Runtime/Capture/PhotoModeOutputPreset.cs
  Assets/PhotoModePro/Runtime/Capture/PhotoModeOutputPresetMath.cs
  Assets/PhotoModePro/Runtime/Capture/PhotoModeShotList.cs
  Assets/PhotoModePro/Runtime/Capture/PhotoModeShotListExpansion.cs
  Assets/PhotoModePro/Runtime/Capture/PhotoModeZipWriter.cs
  Assets/PhotoModePro/Runtime/Capture/Tiled
  Assets/PhotoModePro/Runtime/Capture/Tiled/PhotoModeStreamingPngWriter.cs
  Assets/PhotoModePro/Runtime/Capture/Tiled/PhotoModeTileMath.cs
  Assets/PhotoModePro/Runtime/Capture/Tiled/PhotoModeTiledCapture.cs
  Assets/PhotoModePro/Runtime/Effects
  Assets/PhotoModePro/Runtime/Effects/BuiltInFallbackPhotoModeEffectsBackend.cs
  Assets/PhotoModePro/Runtime/Effects/EffectCapabilities.cs
  Assets/PhotoModePro/Runtime/Effects/HdrpPhotoModeEffectsBackend.cs
  Assets/PhotoModePro/Runtime/Effects/IPhotoModeEffectsBackend.cs
  Assets/PhotoModePro/Runtime/Effects/PhotoModeCubeWriter.cs
  Assets/PhotoModePro/Runtime/Effects/PhotoModeEffectsBackendFactory.cs
  Assets/PhotoModePro/Runtime/Effects/PhotoModeExtrasPresenter.cs
  Assets/PhotoModePro/Runtime/Effects/PhotoModeFallbackPostEffect.cs
  Assets/PhotoModePro/Runtime/Effects/PhotoModeGradeMath.cs
  Assets/PhotoModePro/Runtime/Effects/PhotoModeLut.cs
  Assets/PhotoModePro/Runtime/Effects/PhotoModeLutBaker.cs
  Assets/PhotoModePro/Runtime/Effects/PhotoModeLutFilter.cs
  Assets/PhotoModePro/Runtime/Effects/PhotoModePipelineRender.cs
  Assets/PhotoModePro/Runtime/Effects/Ppv2PhotoModeEffectsBackend.cs
  Assets/PhotoModePro/Runtime/Effects/Resources
  Assets/PhotoModePro/Runtime/Effects/Resources/PhotoModeFallbackAdjustments.shader
  Assets/PhotoModePro/Runtime/Effects/UrpPhotoModeEffectsBackend.cs
  Assets/PhotoModePro/Runtime/FreeCameraController.cs
  Assets/PhotoModePro/Runtime/Input
  Assets/PhotoModePro/Runtime/Input/CompositePhotoModeInput.cs
  Assets/PhotoModePro/Runtime/Input/IPhotoModeInput.cs
  Assets/PhotoModePro/Runtime/Input/InputSystemPhotoModeInput.cs
  Assets/PhotoModePro/Runtime/Input/LegacyPhotoModeInput.cs
  Assets/PhotoModePro/Runtime/Input/NullPhotoModeInput.cs
  Assets/PhotoModePro/Runtime/Input/PhotoModeInputFactory.cs
  Assets/PhotoModePro/Runtime/Input/PhotoModeInputMapping.cs
  Assets/PhotoModePro/Runtime/Input/PhotoModeTouchGestures.cs
  Assets/PhotoModePro/Runtime/Input/TouchPhotoModeInput.cs
  Assets/PhotoModePro/Runtime/Lighting
  Assets/PhotoModePro/Runtime/Lighting/IPhotoModeLightingBackend.cs
  Assets/PhotoModePro/Runtime/Lighting/PhotoModeLightEnums.cs
  Assets/PhotoModePro/Runtime/Lighting/PhotoModeLightMath.cs
  Assets/PhotoModePro/Runtime/Lighting/PhotoModeLightPreset.cs
  Assets/PhotoModePro/Runtime/Lighting/PhotoModeLightRig.cs
  Assets/PhotoModePro/Runtime/Lighting/PhotoModeLightingBackends.cs
  Assets/PhotoModePro/Runtime/Lighting/PhotoModeSceneLightSnapshot.cs
  Assets/PhotoModePro/Runtime/Lighting/PhotoModeVirtualLight.cs
  Assets/PhotoModePro/Runtime/PhotoModeAdjustments.cs
  Assets/PhotoModePro/Runtime/PhotoModeCameraMath.cs
  Assets/PhotoModePro/Runtime/PhotoModeController.cs
  Assets/PhotoModePro/Runtime/PhotoModeEnums.cs
  Assets/PhotoModePro/Runtime/PhotoModeExposureTriangle.cs
  Assets/PhotoModePro/Runtime/PhotoModeObjectLifetime.cs
  Assets/PhotoModePro/Runtime/PhotoModePhysicalCamera.cs
  Assets/PhotoModePro/Runtime/PhotoModePreset.cs
  Assets/PhotoModePro/Runtime/PhotoModePro.Runtime.asmdef
  Assets/PhotoModePro/Runtime/PhotoModeSettings.cs
  Assets/PhotoModePro/Runtime/PhotoModeUserPresets.cs
  Assets/PhotoModePro/Runtime/PhotoModeVisibility.cs
  Assets/PhotoModePro/Runtime/Plugins
  Assets/PhotoModePro/Runtime/Plugins/WebGL
  Assets/PhotoModePro/Runtime/Plugins/WebGL/PhotoModeWebGl.jslib
  Assets/PhotoModePro/Runtime/Scrubbing
  Assets/PhotoModePro/Runtime/Scrubbing/PhotoModeScrubber.cs
  Assets/PhotoModePro/Runtime/UI
  Assets/PhotoModePro/Runtime/UI/Gallery
  Assets/PhotoModePro/Runtime/UI/Gallery/PhotoLibrary.cs
  Assets/PhotoModePro/Runtime/UI/Gallery/PhotoMetadata.cs
  Assets/PhotoModePro/Runtime/UI/Gallery/PhotoThumbnailCache.cs
  Assets/PhotoModePro/Runtime/UI/PhotoModeButtonFeedback.cs
  Assets/PhotoModePro/Runtime/UI/PhotoModeEase.cs
  Assets/PhotoModePro/Runtime/UI/PhotoModeHintBarLayout.cs
  Assets/PhotoModePro/Runtime/UI/PhotoModeHistogramView.cs
  Assets/PhotoModePro/Runtime/UI/PhotoModeHorizonIndicator.cs
  Assets/PhotoModePro/Runtime/UI/PhotoModeLightGizmo.cs
  Assets/PhotoModePro/Runtime/UI/PhotoModeLightGizmoLayer.cs
  Assets/PhotoModePro/Runtime/UI/PhotoModePressHold.cs
  Assets/PhotoModePro/Runtime/UI/PhotoModeSafeArea.cs
  Assets/PhotoModePro/Runtime/UI/PhotoModeScrollMath.cs
  Assets/PhotoModePro/Runtime/UI/PhotoModeThemedElement.cs
  Assets/PhotoModePro/Runtime/UI/PhotoModeTweenRunner.cs
  Assets/PhotoModePro/Runtime/UI/PhotoModeUIController.cs
  Assets/PhotoModePro/Runtime/UI/PhotoModeUITheme.cs
  Assets/PhotoModePro/Runtime/UI/PhotoModeUiAudio.cs
  Assets/PhotoModePro/Runtime/UI/PhotoModeUiInput.cs
  Assets/PhotoModePro/Third-Party Notices.md
  Assets/PhotoModePro/package.json
UnityEngine.Debug:ExtractStackTraceNoAlloc (byte*,int,string)
UnityEngine.StackTraceUtility:ExtractStackTrace ()
UnityEngine.DebugLogHandler:Internal_Log (UnityEngine.LogType,UnityEngine.LogOption,string,UnityEngine.Object)
UnityEngine.DebugLogHandler:LogFormat (UnityEngine.LogType,UnityEngine.Object,string,object[])
UnityEngine.Logger:Log (UnityEngine.LogType,object)
UnityEngine.Debug:Log (object)
PhotoModePro.ReleaseTools.PhotoModePackageExporter:Export () (at Assets/ReleaseTools/Editor/PhotoModePackageExporter.cs:59)

(Filename: Assets/ReleaseTools/Editor/PhotoModePackageExporter.cs Line: 59)

Batchmode quit successfully invoked - shutting down!
Killing ADB server in 0.0480784 seconds.
[Physics::Module] Cleanup current backend.
[Physics::Module] Id: 0xf2b8ea05
Input System module state changed to: ShutdownInProgress.
Input System polling thread exited.
Input System module state changed to: Shutdown.
[Licensing::IpcConnector] LicenseClient-Srdjan-notifications channel disconnected successfully.
[Licensing::IpcConnector] LicenseClient-Srdjan channel disconnected successfully.
AcceleratorClientConnectionCallback - disconnected - :0
Cleanup mono
Exiting batchmode successfully now!
Exiting without the bug reporter. Application will terminate with return code 0